11111111111110111111
11111111111100111111
11111111110000000111
11111011100000001111
11111000000000000111
10000000000000001111
11111000000000000111
11111011100000001111
11111111110000000111
11111111111100111111
